exports[`<AppContainer /> should render with default props 1`] = `
<AppContainer
  actions={
    Object {
      "appContainerDefaultAction": [Function],
    }
  }
  isMobile={false}
  location={
    Object {
      "pathname": "/",
    }
  }
  store={
    Object {
      "clearActions": [Function],
      "dispatch": [Function],
      "getActions": [Function],
      "getState": [Function],
      "replaceReducer": [Function],
      "subscribe": [Function],
    }
  }>
  <div />
</AppContainer>
`;
