exports[`<Contributor /> should render with default props 1`] = `
<Box
  align="center"
  announce={false}
  direction="column"
  focusable={true}
  justify="center"
  pad="none"
  responsive={true}
  size="large"
  tag="div">
  <undefined
    src="https://avatars.githubusercontent.com/u/13810084?v=3" />
  <Heading
    align="center"
    tag="h3">
    Ryan Collins
  </Heading>
  <Paragraph>
    Experienced Software Engineer specializing in implementing cutting-edge technologies in a multitude of domains, focusing on React and Front End.  Weekend Data Scientist and Functional Programmer.
  </Paragraph>
  <Anchor
    href="https://github.com/ryanccollins"
    icon={
      <SocialGithub
        a11yTitleId="social-github-title"
        responsive={true} />
    }
    primary={true}
    tag="a">
    ryanccollins
  </Anchor>
</Box>
`;
